\BOOKMARK [0][-]{chapter*.1}{\376\377\126\376\166\356\137\125}{}% 1
\BOOKMARK [0][-]{chapter*.2}{\376\377\210\150\166\356\137\125}{}% 2
\BOOKMARK [0][-]{chapter.1}{\376\377\176\352\000\040\213\272}{}% 3
\BOOKMARK [1][-]{section.1.1}{\376\377\170\024\172\166\200\314\146\157\116\016\141\017\116\111}{chapter.1}% 4
\BOOKMARK [2][-]{subsection.1.1.1}{\376\377\170\024\172\166\200\314\146\157}{section.1.1}% 5
\BOOKMARK [2][-]{subsection.1.1.2}{\376\377\170\024\172\166\141\017\116\111}{section.1.1}% 6
\BOOKMARK [1][-]{section.1.2}{\376\377\126\375\121\205\131\026\170\024\172\166\163\260\162\266}{chapter.1}% 7
\BOOKMARK [2][-]{subsection.1.2.1}{\376\377\140\305\141\037\122\006\147\220\170\024\172\166\163\260\162\266}{section.1.2}% 8
\BOOKMARK [2][-]{subsection.1.2.2}{\376\377\116\073\230\230\136\372\152\041\170\024\172\166\163\260\162\266}{section.1.2}% 9
\BOOKMARK [2][-]{subsection.1.2.3}{\376\377\172\000\165\217\154\350\141\017\122\233\147\072\122\066\170\024\172\166\163\260\162\266}{section.1.2}% 10
\BOOKMARK [2][-]{subsection.1.2.4}{\376\377\131\047\152\041\127\213\217\173\221\317\123\026\137\256\214\003\170\024\172\166\163\260\162\266}{section.1.2}% 11
\BOOKMARK [1][-]{section.1.3}{\376\377\170\024\172\166\121\205\133\271\116\016\116\073\211\201\122\033\145\260\160\271}{chapter.1}% 12
\BOOKMARK [2][-]{subsection.1.3.1}{\376\377\116\073\211\201\170\024\172\166\121\205\133\271}{section.1.3}% 13
\BOOKMARK [2][-]{subsection.1.3.2}{\376\377\116\073\211\201\122\033\145\260\160\271}{section.1.3}% 14
\BOOKMARK [1][-]{section.1.4}{\376\377\213\272\145\207\176\304\176\307\176\323\147\204}{chapter.1}% 15
\BOOKMARK [0][-]{chapter.2}{\376\377\166\370\121\163\142\200\147\057\176\374\217\360}{}% 16
\BOOKMARK [1][-]{section.2.1}{\376\377\202\006\140\305\145\160\143\156\221\307\226\306\142\200\147\057}{chapter.2}% 17
\BOOKMARK [2][-]{subsection.2.1.1}{\376\377\145\160\143\156\147\145\156\220}{section.2.1}% 18
\BOOKMARK [2][-]{subsection.2.1.2}{\376\377\221\307\226\306\135\345\121\167\116\016\145\271\154\325}{section.2.1}% 19
\BOOKMARK [1][-]{section.2.2}{\376\377\116\073\230\230\152\041\127\213\127\372\170\100}{chapter.2}% 20
\BOOKMARK [2][-]{subsection.2.2.1}{\376\377\226\220\124\053\162\304\122\051\121\113\226\367\122\006\221\115\377\010\000L\000D\000A\377\011}{section.2.2}% 21
\BOOKMARK [2][-]{subsection.2.2.2}{\376\377\122\006\134\102\162\304\122\051\121\113\226\367\217\307\172\013\377\010\000H\000D\000P\377\011}{section.2.2}% 22
\BOOKMARK [1][-]{section.2.3}{\376\377\172\000\165\217\154\350\141\017\122\233\147\072\122\066}{chapter.2}% 23
\BOOKMARK [2][-]{subsection.2.3.1}{\376\377\000T\000r\000a\000n\000s\000f\000o\000r\000m\000e\000r\116\055\166\204\150\007\121\306\154\350\141\017\122\233}{section.2.3}% 24
\BOOKMARK [2][-]{subsection.2.3.2}{\376\377\172\000\165\217\154\350\141\017\122\233\166\204\137\305\211\201\140\047}{section.2.3}% 25
\BOOKMARK [2][-]{subsection.2.3.3}{\376\377\121\170\127\213\166\204\172\000\165\217\154\350\141\017\122\233\145\271\154\325}{section.2.3}% 26
\BOOKMARK [1][-]{section.2.4}{\376\377\230\204\213\255\176\303\152\041\127\213\116\016\140\305\141\037\122\006\147\220}{chapter.2}% 27
\BOOKMARK [2][-]{subsection.2.4.1}{\376\377\230\204\213\255\176\303\152\041\127\213\127\372\170\100}{section.2.4}% 28
\BOOKMARK [2][-]{subsection.2.4.2}{\376\377\140\305\141\037\122\006\147\220\137\256\214\003}{section.2.4}% 29
\BOOKMARK [1][-]{section.2.5}{\376\377\131\047\152\041\127\213\217\173\221\317\123\026\137\256\214\003\377\010\000Q\000L\000o\000R\000A\377\011}{chapter.2}% 30
\BOOKMARK [2][-]{subsection.2.5.1}{\376\377\000L\000o\000R\000A\123\237\164\006}{section.2.5}% 31
\BOOKMARK [2][-]{subsection.2.5.2}{\376\377\000Q\000L\000o\000R\000A\145\071\217\333}{section.2.5}% 32
\BOOKMARK [1][-]{section.2.6}{\376\377\174\373\176\337\137\000\123\321\142\200\147\057\150\010}{chapter.2}% 33
\BOOKMARK [2][-]{subsection.2.6.1}{\376\377\124\016\172\357\142\200\147\057}{section.2.6}% 34
\BOOKMARK [2][-]{subsection.2.6.2}{\376\377\122\115\172\357\142\200\147\057}{section.2.6}% 35
\BOOKMARK [2][-]{subsection.2.6.3}{\376\377\220\350\177\162\142\200\147\057}{section.2.6}% 36
\BOOKMARK [0][-]{chapter.3}{\376\377\140\305\141\037\000-\116\073\230\230\200\124\124\010\122\006\147\220\152\041\127\213\213\276\213\241}{}% 37
\BOOKMARK [1][-]{section.3.1}{\376\377\145\164\117\123\152\041\127\213\150\106\147\266}{chapter.3}% 38
\BOOKMARK [2][-]{subsection.3.1.1}{\376\377\150\106\147\266\151\202\217\360}{section.3.1}% 39
\BOOKMARK [2][-]{subsection.3.1.2}{\376\377\145\160\143\156\155\101}{section.3.1}% 40
\BOOKMARK [1][-]{section.3.2}{\376\377\172\000\165\217\154\350\141\017\122\233\130\236\137\072\000S\000p\000a\000r\000s\000e\000-\000H\000D\000P\152\041\127\213}{chapter.3}% 41
\BOOKMARK [2][-]{subsection.3.2.1}{\376\377\152\041\127\213\122\250\147\072}{section.3.2}% 42
\BOOKMARK [2][-]{subsection.3.2.2}{\376\377\000S\000p\000a\000r\000s\000e\000-\000H\000D\000P\166\204\150\070\137\303\213\276\213\241}{section.3.2}% 43
\BOOKMARK [2][-]{subsection.3.2.3}{\376\377\173\227\154\325\117\052\116\343\170\001}{section.3.2}% 44
\BOOKMARK [1][-]{section.3.3}{\376\377\000Q\000L\000o\000R\000A\137\256\214\003\131\047\152\041\127\213\140\305\141\037\122\006\147\220\152\041\127\127}{chapter.3}% 45
\BOOKMARK [2][-]{subsection.3.3.1}{\376\377\152\041\127\213\220\011\142\351}{section.3.3}% 46
\BOOKMARK [2][-]{subsection.3.3.2}{\376\377\000Q\000L\000o\000R\000A\137\256\214\003\155\101\172\013}{section.3.3}% 47
\BOOKMARK [1][-]{section.3.4}{\376\377\116\073\230\230\000-\140\305\141\037\207\215\124\010\173\126\165\145}{chapter.3}% 48
\BOOKMARK [2][-]{subsection.3.4.1}{\376\377\162\171\137\201\207\215\124\010}{section.3.4}% 49
\BOOKMARK [2][-]{subsection.3.4.2}{\376\377\116\073\230\230\000-\140\305\141\037\167\351\226\065}{section.3.4}% 50
\BOOKMARK [2][-]{subsection.3.4.3}{\376\377\176\306\174\222\136\246\140\305\141\037\122\006\147\220}{section.3.4}% 51
\BOOKMARK [1][-]{section.3.5}{\376\377\152\041\127\213\173\227\154\325\155\101\172\013\116\016\117\052\116\343\170\001}{chapter.3}% 52
\BOOKMARK [0][-]{chapter.4}{\376\377\202\006\140\305\122\006\147\220\174\373\176\337\227\000\154\102\116\016\213\276\213\241}{}% 53
\BOOKMARK [1][-]{section.4.1}{\376\377\174\373\176\337\227\000\154\102\122\006\147\220}{chapter.4}% 54
\BOOKMARK [2][-]{subsection.4.1.1}{\376\377\122\237\200\375\227\000\154\102}{section.4.1}% 55
\BOOKMARK [2][-]{subsection.4.1.2}{\376\377\227\136\122\237\200\375\227\000\154\102}{section.4.1}% 56
\BOOKMARK [1][-]{section.4.2}{\376\377\174\373\176\337\140\073\117\123\147\266\147\204}{chapter.4}% 57
\BOOKMARK [2][-]{subsection.4.2.1}{\376\377\147\266\147\204\151\202\211\310}{section.4.2}% 58
\BOOKMARK [2][-]{subsection.4.2.2}{\376\377\152\041\127\127\122\022\122\006}{section.4.2}% 59
\BOOKMARK [2][-]{subsection.4.2.3}{\376\377\174\373\176\337\155\101\172\013}{section.4.2}% 60
\BOOKMARK [1][-]{section.4.3}{\376\377\122\237\200\375\152\041\127\127\213\276\213\241}{chapter.4}% 61
\BOOKMARK [2][-]{subsection.4.3.1}{\376\377\145\160\143\156\221\307\226\306\152\041\127\127}{section.4.3}% 62
\BOOKMARK [2][-]{subsection.4.3.2}{\376\377\145\207\147\054\230\204\131\004\164\006\152\041\127\127}{section.4.3}% 63
\BOOKMARK [2][-]{subsection.4.3.3}{\376\377\116\073\230\230\142\275\123\326\152\041\127\127}{section.4.3}% 64
\BOOKMARK [2][-]{subsection.4.3.4}{\376\377\140\305\141\037\122\006\147\220\152\041\127\127}{section.4.3}% 65
\BOOKMARK [2][-]{subsection.4.3.5}{\376\377\145\160\143\156\207\215\124\010\152\041\127\127}{section.4.3}% 66
\BOOKMARK [1][-]{section.4.4}{\376\377\145\160\143\156\136\223\213\276\213\241}{chapter.4}% 67
\BOOKMARK [2][-]{subsection.4.4.1}{\376\377\150\070\137\303\210\150\213\276\213\241}{section.4.4}% 68
\BOOKMARK [2][-]{subsection.4.4.2}{\376\377\175\042\137\025\213\276\213\241}{section.4.4}% 69
\BOOKMARK [1][-]{section.4.5}{\376\377\143\245\123\343\116\016\220\350\177\162\213\276\213\241}{chapter.4}% 70
\BOOKMARK [2][-]{subsection.4.5.1}{\376\377\000A\000P\000I\143\245\123\343\213\276\213\241}{section.4.5}% 71
\BOOKMARK [2][-]{subsection.4.5.2}{\376\377\220\350\177\162\147\266\147\204}{section.4.5}% 72
\BOOKMARK [0][-]{chapter.5}{\376\377\174\373\176\337\133\236\163\260}{}% 73
\BOOKMARK [1][-]{section.5.1}{\376\377\137\000\123\321\163\257\130\203\116\016\142\200\147\057\150\010}{chapter.5}% 74
\BOOKMARK [2][-]{subsection.5.1.1}{\376\377\137\000\123\321\163\257\130\203}{section.5.1}% 75
\BOOKMARK [2][-]{subsection.5.1.2}{\376\377\121\163\225\056\117\235\215\126\136\223}{section.5.1}% 76
\BOOKMARK [1][-]{section.5.2}{\376\377\145\160\143\156\221\307\226\306\152\041\127\127\133\236\163\260}{chapter.5}% 77
\BOOKMARK [2][-]{subsection.5.2.1}{\376\377\162\054\206\153\150\106\147\266\213\276\213\241}{section.5.2}% 78
\BOOKMARK [2][-]{subsection.5.2.2}{\376\377\123\315\162\054\206\153\133\371\142\227}{section.5.2}% 79
\BOOKMARK [2][-]{subsection.5.2.3}{\376\377\145\160\143\156\133\130\120\250}{section.5.2}% 80
\BOOKMARK [1][-]{section.5.3}{\376\377\145\207\147\054\230\204\131\004\164\006\152\041\127\127\133\236\163\260}{chapter.5}% 81
\BOOKMARK [2][-]{subsection.5.3.1}{\376\377\122\006\213\315\116\016\213\315\140\047\150\007\154\350}{section.5.3}% 82
\BOOKMARK [2][-]{subsection.5.3.2}{\376\377\120\134\165\050\213\315\217\307\156\344}{section.5.3}% 83
\BOOKMARK [1][-]{section.5.4}{\376\377\000S\000p\000a\000r\000s\000e\000-\000H\000D\000P\116\073\230\230\152\041\127\213\133\236\163\260}{chapter.5}% 84
\BOOKMARK [2][-]{subsection.5.4.1}{\376\377\172\000\165\217\154\350\141\017\122\233\133\236\163\260}{section.5.4}% 85
\BOOKMARK [2][-]{subsection.5.4.2}{\376\377\000H\000D\000P\143\250\145\255}{section.5.4}% 86
\BOOKMARK [1][-]{section.5.5}{\376\377\000Q\000L\000o\000R\000A\131\047\152\041\127\213\140\305\141\037\122\006\147\220\133\236\163\260}{chapter.5}% 87
\BOOKMARK [2][-]{subsection.5.5.1}{\376\377\152\041\127\213\122\240\217\175\116\016\221\317\123\026}{section.5.5}% 88
\BOOKMARK [2][-]{subsection.5.5.2}{\376\377\137\256\214\003\213\255\176\303}{section.5.5}% 89
\BOOKMARK [2][-]{subsection.5.5.3}{\376\377\143\250\164\006\116\016\230\204\155\113}{section.5.5}% 90
\BOOKMARK [1][-]{section.5.6}{\376\377\122\115\172\357\123\357\211\306\123\026\116\016\142\245\210\150\152\041\127\127\133\236\163\260}{chapter.5}% 91
\BOOKMARK [2][-]{subsection.5.6.1}{\376\377\116\073\230\230\122\006\136\003\123\357\211\306\123\026}{section.5.6}% 92
\BOOKMARK [2][-]{subsection.5.6.2}{\376\377\140\305\141\037\215\213\122\277\122\006\147\220}{section.5.6}% 93
\BOOKMARK [2][-]{subsection.5.6.3}{\376\377\116\073\230\230\000-\140\305\141\037\160\355\122\233\126\376}{section.5.6}% 94
\BOOKMARK [1][-]{section.5.7}{\376\377\150\070\137\303\165\114\227\142\134\125\171\072}{chapter.5}% 95
\BOOKMARK [0][-]{chapter.6}{\376\377\133\236\232\214\116\016\176\323\147\234\122\006\147\220}{}% 96
\BOOKMARK [1][-]{section.6.1}{\376\377\133\236\232\214\145\160\143\156\226\306\147\204\136\372}{chapter.6}% 97
\BOOKMARK [2][-]{subsection.6.1.1}{\376\377\145\160\143\156\147\145\156\220}{section.6.1}% 98
\BOOKMARK [2][-]{subsection.6.1.2}{\376\377\145\160\143\156\230\204\131\004\164\006}{section.6.1}% 99
\BOOKMARK [2][-]{subsection.6.1.3}{\376\377\150\007\154\350\145\271\150\110}{section.6.1}% 100
\BOOKMARK [1][-]{section.6.2}{\376\377\213\304\116\367\143\007\150\007}{chapter.6}% 101
\BOOKMARK [2][-]{subsection.6.2.1}{\376\377\116\073\230\230\152\041\127\213\213\304\116\367\143\007\150\007}{section.6.2}% 102
\BOOKMARK [2][-]{subsection.6.2.2}{\376\377\140\305\141\037\122\006\174\173\213\304\116\367\143\007\150\007}{section.6.2}% 103
\BOOKMARK [2][-]{subsection.6.2.3}{\376\377\174\373\176\337\140\047\200\375\143\007\150\007}{section.6.2}% 104
\BOOKMARK [1][-]{section.6.3}{\376\377\133\371\153\324\152\041\127\213\220\011\142\351}{chapter.6}% 105
\BOOKMARK [2][-]{subsection.6.3.1}{\376\377\116\073\230\230\152\041\127\213\133\371\153\324}{section.6.3}% 106
\BOOKMARK [2][-]{subsection.6.3.2}{\376\377\140\305\141\037\122\006\147\220\133\371\153\324}{section.6.3}% 107
\BOOKMARK [1][-]{section.6.4}{\376\377\155\210\207\215\133\236\232\214\116\016\176\323\147\234}{chapter.6}% 108
\BOOKMARK [2][-]{subsection.6.4.1}{\376\377\116\073\230\230\152\041\127\213\155\210\207\215\133\236\232\214}{section.6.4}% 109
\BOOKMARK [2][-]{subsection.6.4.2}{\376\377\140\305\141\037\122\006\147\220\155\210\207\215\133\236\232\214}{section.6.4}% 110
\BOOKMARK [1][-]{section.6.5}{\376\377\116\073\211\201\133\236\232\214\176\323\147\234}{chapter.6}% 111
\BOOKMARK [2][-]{subsection.6.5.1}{\376\377\116\073\230\230\152\041\127\213\176\323\147\234}{section.6.5}% 112
\BOOKMARK [2][-]{subsection.6.5.2}{\376\377\140\305\141\037\122\006\147\220\176\323\147\234}{section.6.5}% 113
\BOOKMARK [2][-]{subsection.6.5.3}{\376\377\116\073\230\230\000-\140\305\141\037\200\124\124\010\122\006\147\220\176\323\147\234}{section.6.5}% 114
\BOOKMARK [1][-]{section.6.6}{\376\377\174\373\176\337\140\047\200\375\155\113\213\325}{chapter.6}% 115
\BOOKMARK [2][-]{subsection.6.6.1}{\376\377\124\036\124\020\221\317\155\113\213\325}{section.6.6}% 116
\BOOKMARK [2][-]{subsection.6.6.2}{\376\377\123\357\142\151\134\125\140\047\155\113\213\325}{section.6.6}% 117
\BOOKMARK [1][-]{section.6.7}{\376\377\176\323\213\272\116\016\213\250\213\272}{chapter.6}% 118
\BOOKMARK [0][-]{chapter.7}{\376\377\140\073\176\323\116\016\134\125\147\033}{}% 119
\BOOKMARK [1][-]{section.7.1}{\376\377\135\345\117\134\140\073\176\323}{chapter.7}% 120
\BOOKMARK [2][-]{subsection.7.1.1}{\376\377\164\006\213\272\215\041\163\056}{section.7.1}% 121
\BOOKMARK [2][-]{subsection.7.1.2}{\376\377\142\200\147\057\215\041\163\056}{section.7.1}% 122
\BOOKMARK [2][-]{subsection.7.1.3}{\376\377\136\224\165\050\215\041\163\056}{section.7.1}% 123
\BOOKMARK [1][-]{section.7.2}{\376\377\116\073\211\201\122\033\145\260\160\271}{chapter.7}% 124
\BOOKMARK [1][-]{section.7.3}{\376\377\133\130\127\050\166\204\116\015\215\263}{chapter.7}% 125
\BOOKMARK [2][-]{subsection.7.3.1}{\376\377\173\227\154\325\134\102\227\142}{section.7.3}% 126
\BOOKMARK [2][-]{subsection.7.3.2}{\376\377\174\373\176\337\134\102\227\142}{section.7.3}% 127
\BOOKMARK [1][-]{section.7.4}{\376\377\147\052\147\145\170\024\172\166\145\271\124\021}{chapter.7}% 128
\BOOKMARK [2][-]{subsection.7.4.1}{\376\377\167\355\147\037\145\071\217\333\145\271\124\021}{section.7.4}% 129
\BOOKMARK [2][-]{subsection.7.4.2}{\376\377\116\055\147\037\170\024\172\166\145\271\124\021}{section.7.4}% 130
\BOOKMARK [2][-]{subsection.7.4.3}{\376\377\225\177\147\037\170\024\172\166\145\271\124\021}{section.7.4}% 131
\BOOKMARK [1][-]{section.7.5}{\376\377\147\000\124\016\166\204\213\335}{chapter.7}% 132
\BOOKMARK [0][-]{section.7.5}{\376\377\123\302\200\003\145\207\163\056}{}% 133
\BOOKMARK [0][-]{appendix*.18}{\376\377\226\104\137\125}{}% 134
\BOOKMARK [0][-]{appendix*.30}{\376\377\201\364\214\042}{}% 135
\BOOKMARK [0][-]{appendix*.31}{\376\377\123\321\210\150\213\272\145\207\124\214\171\321\170\024\140\305\121\265}{}% 136
